Archive member included to satisfy reference by file (symbol)

/lib/ps4-payload-sdk//libPS4/libPS4.a(debug.o)
                              build/main.o (DEBUG_SOCK)
/lib/ps4-payload-sdk//libPS4/libPS4.a(file.o)
                              build/crypto.o (read)
/lib/ps4-payload-sdk//libPS4/libPS4.a(kernel.o)
                              build/crypto.o (ioctl)
/lib/ps4-payload-sdk//libPS4/libPS4.a(libc.o)
                              build/main.o (initLibc)
/lib/ps4-payload-sdk//libPS4/libPS4.a(module.o)
                              /lib/ps4-payload-sdk//libPS4/libPS4.a(kernel.o) (getFunctionAddressByName)
/lib/ps4-payload-sdk//libPS4/libPS4.a(network.o)
                              build/main.o (initNetwork)
/lib/ps4-payload-sdk//libPS4/libPS4.a(sysutil.o)
                              build/main.o (initSysUtil)
/lib/ps4-payload-sdk//libPS4/libPS4.a(syscall.o)
                              build/main.o (syscall)

Merging program properties

Updated property 0xc0010002 (0x1) to merge /tmp/ccaOCLhl.o (0x0) and /lib/ps4-payload-sdk//libPS4/libPS4.a(file.o) (0x1)
Updated property 0xc0010002 (0x1) to merge /tmp/ccaOCLhl.o (0x1) and /lib/ps4-payload-sdk//libPS4/libPS4.a(kernel.o) (0x0)
Updated property 0xc0010002 (0x1) to merge /tmp/ccaOCLhl.o (0x1) and /lib/ps4-payload-sdk//libPS4/libPS4.a(libc.o) (0x0)
Updated property 0xc0010002 (0x1) to merge /tmp/ccaOCLhl.o (0x1) and /lib/ps4-payload-sdk//libPS4/libPS4.a(module.o) (0x0)
Updated property 0xc0010002 (0x1) to merge /tmp/ccaOCLhl.o (0x1) and /lib/ps4-payload-sdk//libPS4/libPS4.a(network.o) (0x0)
Updated property 0xc0010002 (0x1) to merge /tmp/ccaOCLhl.o (0x1) and /lib/ps4-payload-sdk//libPS4/libPS4.a(sysutil.o) (0x0)

Discarded input sections

 .data          0x0000000000000000        0x0 /tmp/ccaOCLhl.o
 .bss           0x0000000000000000        0x0 /tmp/ccaOCLhl.o
 .text          0x0000000000000000        0x0 build/crypto.o
 .data          0x0000000000000000        0x0 build/crypto.o
 .bss           0x0000000000000000        0x0 build/crypto.o
 .comment       0x0000000000000000       0x36 build/crypto.o
 .note.GNU-stack
                0x0000000000000000        0x0 build/crypto.o
 .note.gnu.property
                0x0000000000000000       0x30 build/crypto.o
 .eh_frame      0x0000000000000000       0x88 build/crypto.o
 .text          0x0000000000000000        0x0 build/kern.o
 .data          0x0000000000000000        0x0 build/kern.o
 .bss           0x0000000000000000        0x0 build/kern.o
 .comment       0x0000000000000000       0x36 build/kern.o
 .note.GNU-stack
                0x0000000000000000        0x0 build/kern.o
 .note.gnu.property
                0x0000000000000000       0x30 build/kern.o
 .eh_frame      0x0000000000000000       0x30 build/kern.o
 .text          0x0000000000000000        0x0 build/main.o
 .data          0x0000000000000000        0x0 build/main.o
 .bss           0x0000000000000000        0x0 build/main.o
 .rodata.str1.1
                0x0000000000000000       0x80 build/main.o
 .data.rel.local.usb_error
                0x0000000000000000        0x8 build/main.o
 .data.rel.local.home
                0x0000000000000000        0x8 build/main.o
 .data.rel.local.pfs
                0x0000000000000000        0x8 build/main.o
 .data.rel.local.usb1
                0x0000000000000000        0x8 build/main.o
 .data.rel.local.usb0
                0x0000000000000000        0x8 build/main.o
 .data.rel.local.USER1
                0x0000000000000000        0x8 build/main.o
 .data.page_size
                0x0000000000000000        0x8 build/main.o
 .comment       0x0000000000000000       0x36 build/main.o
 .note.GNU-stack
                0x0000000000000000        0x0 build/main.o
 .note.gnu.property
                0x0000000000000000       0x30 build/main.o
 .eh_frame      0x0000000000000000      0x120 build/main.o
 .text          0x0000000000000000        0x0 /lib/ps4-payload-sdk//libPS4/libPS4.a(debug.o)
 .data          0x0000000000000000        0x0 /lib/ps4-payload-sdk//libPS4/libPS4.a(debug.o)
 .bss           0x0000000000000000        0x0 /lib/ps4-payload-sdk//libPS4/libPS4.a(debug.o)
 .comment       0x0000000000000000       0x36 /lib/ps4-payload-sdk//libPS4/libPS4.a(debug.o)
 .note.GNU-stack
                0x0000000000000000        0x0 /lib/ps4-payload-sdk//libPS4/libPS4.a(debug.o)
 .note.gnu.property
                0x0000000000000000       0x30 /lib/ps4-payload-sdk//libPS4/libPS4.a(debug.o)
 .data          0x0000000000000000        0x0 /lib/ps4-payload-sdk//libPS4/libPS4.a(file.o)
 .bss           0x0000000000000000        0x0 /lib/ps4-payload-sdk//libPS4/libPS4.a(file.o)
 .text.getSandboxDirectory
                0x0000000000000000       0x17 /lib/ps4-payload-sdk//libPS4/libPS4.a(file.o)
 .text.file_exists
                0x0000000000000000       0x1f /lib/ps4-payload-sdk//libPS4/libPS4.a(file.o)
 .text.dir_exists
                0x0000000000000000       0x24 /lib/ps4-payload-sdk//libPS4/libPS4.a(file.o)
 .text.symlink_exists
                0x0000000000000000       0x34 /lib/ps4-payload-sdk//libPS4/libPS4.a(file.o)
 .text.touch_file
                0x0000000000000000       0x1f /lib/ps4-payload-sdk//libPS4/libPS4.a(file.o)
 .text.copy_file
                0x0000000000000000       0x8f /lib/ps4-payload-sdk//libPS4/libPS4.a(file.o)
 .rodata.copy_dir.str1.1
                0x0000000000000000        0xb /lib/ps4-payload-sdk//libPS4/libPS4.a(file.o)
 .text.copy_dir
                0x0000000000000000      0x137 /lib/ps4-payload-sdk//libPS4/libPS4.a(file.o)
 .text.file_compare
                0x0000000000000000      0x16d /lib/ps4-payload-sdk//libPS4/libPS4.a(file.o)
 .text.rmtree   0x0000000000000000      0x14d /lib/ps4-payload-sdk//libPS4/libPS4.a(file.o)
 .text.fgetc_pointer
                0x0000000000000000       0x28 /lib/ps4-payload-sdk//libPS4/libPS4.a(file.o)
 .text.build_iovec
                0x0000000000000000       0xf2 /lib/ps4-payload-sdk//libPS4/libPS4.a(file.o)
 .rodata.mount_large_fs.str1.1
                0x0000000000000000       0x4b /lib/ps4-payload-sdk//libPS4/libPS4.a(file.o)
 .text.mount_large_fs
                0x0000000000000000      0x146 /lib/ps4-payload-sdk//libPS4/libPS4.a(file.o)
 .comment       0x0000000000000000       0x36 /lib/ps4-payload-sdk//libPS4/libPS4.a(file.o)
 .note.GNU-stack
                0x0000000000000000        0x0 /lib/ps4-payload-sdk//libPS4/libPS4.a(file.o)
 .note.gnu.property
                0x0000000000000000       0x30 /lib/ps4-payload-sdk//libPS4/libPS4.a(file.o)
 .eh_frame      0x0000000000000000      0x278 /lib/ps4-payload-sdk//libPS4/libPS4.a(file.o)
 .data          0x0000000000000000        0x0 /lib/ps4-payload-sdk//libPS4/libPS4.a(kernel.o)
 .bss           0x0000000000000000        0x0 /lib/ps4-payload-sdk//libPS4/libPS4.a(kernel.o)
 .comment       0x0000000000000000       0x36 /lib/ps4-payload-sdk//libPS4/libPS4.a(kernel.o)
 .note.GNU-stack
                0x0000000000000000        0x0 /lib/ps4-payload-sdk//libPS4/libPS4.a(kernel.o)
 .note.gnu.property
                0x0000000000000000       0x30 /lib/ps4-payload-sdk//libPS4/libPS4.a(kernel.o)
 .eh_frame      0x0000000000000000       0x40 /lib/ps4-payload-sdk//libPS4/libPS4.a(kernel.o)
 .text          0x0000000000000000        0x0 /lib/ps4-payload-sdk//libPS4/libPS4.a(libc.o)
 .data          0x0000000000000000        0x0 /lib/ps4-payload-sdk//libPS4/libPS4.a(libc.o)
 .bss           0x0000000000000000        0x0 /lib/ps4-payload-sdk//libPS4/libPS4.a(libc.o)
 .text.memset_s
                0x0000000000000000       0x4d /lib/ps4-payload-sdk//libPS4/libPS4.a(libc.o)
 .comment       0x0000000000000000       0x36 /lib/ps4-payload-sdk//libPS4/libPS4.a(libc.o)
 .note.GNU-stack
                0x0000000000000000        0x0 /lib/ps4-payload-sdk//libPS4/libPS4.a(libc.o)
 .note.gnu.property
                0x0000000000000000       0x30 /lib/ps4-payload-sdk//libPS4/libPS4.a(libc.o)
 .eh_frame      0x0000000000000000       0x68 /lib/ps4-payload-sdk//libPS4/libPS4.a(libc.o)
 .data          0x0000000000000000        0x0 /lib/ps4-payload-sdk//libPS4/libPS4.a(module.o)
 .bss           0x0000000000000000        0x0 /lib/ps4-payload-sdk//libPS4/libPS4.a(module.o)
 .text.getModuleInfo
                0x0000000000000000       0x1b /lib/ps4-payload-sdk//libPS4/libPS4.a(module.o)
 .text.unloadModule
                0x0000000000000000       0x15 /lib/ps4-payload-sdk//libPS4/libPS4.a(module.o)
 .rodata.initModule.str1.1
                0x0000000000000000       0x2c /lib/ps4-payload-sdk//libPS4/libPS4.a(module.o)
 .text.initModule
                0x0000000000000000       0x43 /lib/ps4-payload-sdk//libPS4/libPS4.a(module.o)
 .bss.sceSysmoduleLoadModule
                0x0000000000000000        0x8 /lib/ps4-payload-sdk//libPS4/libPS4.a(module.o)
 .bss.libModule
                0x0000000000000000        0x4 /lib/ps4-payload-sdk//libPS4/libPS4.a(module.o)
 .comment       0x0000000000000000       0x36 /lib/ps4-payload-sdk//libPS4/libPS4.a(module.o)
 .note.GNU-stack
                0x0000000000000000        0x0 /lib/ps4-payload-sdk//libPS4/libPS4.a(module.o)
 .note.gnu.property
                0x0000000000000000       0x30 /lib/ps4-payload-sdk//libPS4/libPS4.a(module.o)
 .eh_frame      0x0000000000000000       0x80 /lib/ps4-payload-sdk//libPS4/libPS4.a(module.o)
 .text          0x0000000000000000        0x0 /lib/ps4-payload-sdk//libPS4/libPS4.a(network.o)
 .data          0x0000000000000000        0x0 /lib/ps4-payload-sdk//libPS4/libPS4.a(network.o)
 .bss           0x0000000000000000        0x0 /lib/ps4-payload-sdk//libPS4/libPS4.a(network.o)
 .text.SckConnect
                0x0000000000000000       0x9f /lib/ps4-payload-sdk//libPS4/libPS4.a(network.o)
 .text.SckClose
                0x0000000000000000        0x9 /lib/ps4-payload-sdk//libPS4/libPS4.a(network.o)
 .text.SckRecv  0x0000000000000000       0xbf /lib/ps4-payload-sdk//libPS4/libPS4.a(network.o)
 .text.SckRecvf
                0x0000000000000000       0x72 /lib/ps4-payload-sdk//libPS4/libPS4.a(network.o)
 .comment       0x0000000000000000       0x36 /lib/ps4-payload-sdk//libPS4/libPS4.a(network.o)
 .note.GNU-stack
                0x0000000000000000        0x0 /lib/ps4-payload-sdk//libPS4/libPS4.a(network.o)
 .note.gnu.property
                0x0000000000000000       0x30 /lib/ps4-payload-sdk//libPS4/libPS4.a(network.o)
 .eh_frame      0x0000000000000000      0x110 /lib/ps4-payload-sdk//libPS4/libPS4.a(network.o)
 .text          0x0000000000000000        0x0 /lib/ps4-payload-sdk//libPS4/libPS4.a(sysutil.o)
 .data          0x0000000000000000        0x0 /lib/ps4-payload-sdk//libPS4/libPS4.a(sysutil.o)
 .bss           0x0000000000000000        0x0 /lib/ps4-payload-sdk//libPS4/libPS4.a(sysutil.o)
 .rodata.initUserService.str1.1
                0x0000000000000000       0xb3 /lib/ps4-payload-sdk//libPS4/libPS4.a(sysutil.o)
 .text.initUserService
                0x0000000000000000       0x9b /lib/ps4-payload-sdk//libPS4/libPS4.a(sysutil.o)
 .text.openBrowser
                0x0000000000000000        0xe /lib/ps4-payload-sdk//libPS4/libPS4.a(sysutil.o)
 .text.getUserIDList
                0x0000000000000000       0x3e /lib/ps4-payload-sdk//libPS4/libPS4.a(sysutil.o)
 .text.getUserID
                0x0000000000000000       0x14 /lib/ps4-payload-sdk//libPS4/libPS4.a(sysutil.o)
 .text.getUserName
                0x0000000000000000       0x86 /lib/ps4-payload-sdk//libPS4/libPS4.a(sysutil.o)
 .text.getInitialUser
                0x0000000000000000       0x41 /lib/ps4-payload-sdk//libPS4/libPS4.a(sysutil.o)
 .rodata.shutdown.str1.1
                0x0000000000000000       0x11 /lib/ps4-payload-sdk//libPS4/libPS4.a(sysutil.o)
 .text.shutdown
                0x0000000000000000       0x50 /lib/ps4-payload-sdk//libPS4/libPS4.a(sysutil.o)
 .rodata.reboot.str1.1
                0x0000000000000000       0x32 /lib/ps4-payload-sdk//libPS4/libPS4.a(sysutil.o)
 .text.reboot   0x0000000000000000       0x41 /lib/ps4-payload-sdk//libPS4/libPS4.a(sysutil.o)
 .bss.sceKernelReboot
                0x0000000000000000        0x8 /lib/ps4-payload-sdk//libPS4/libPS4.a(sysutil.o)
 .bss.sceUserServiceTerminate
                0x0000000000000000        0x8 /lib/ps4-payload-sdk//libPS4/libPS4.a(sysutil.o)
 .bss.sceUserServiceGetInitialUser
                0x0000000000000000        0x8 /lib/ps4-payload-sdk//libPS4/libPS4.a(sysutil.o)
 .bss.sceUserServiceGetUserName
                0x0000000000000000        0x8 /lib/ps4-payload-sdk//libPS4/libPS4.a(sysutil.o)
 .bss.sceUserServiceGetLoginUserIdList
                0x0000000000000000        0x8 /lib/ps4-payload-sdk//libPS4/libPS4.a(sysutil.o)
 .bss.sceUserServiceInitialize
                0x0000000000000000        0x8 /lib/ps4-payload-sdk//libPS4/libPS4.a(sysutil.o)
 .bss.libSceUserService
                0x0000000000000000        0x4 /lib/ps4-payload-sdk//libPS4/libPS4.a(sysutil.o)
 .comment       0x0000000000000000       0x36 /lib/ps4-payload-sdk//libPS4/libPS4.a(sysutil.o)
 .note.GNU-stack
                0x0000000000000000        0x0 /lib/ps4-payload-sdk//libPS4/libPS4.a(sysutil.o)
 .note.gnu.property
                0x0000000000000000       0x30 /lib/ps4-payload-sdk//libPS4/libPS4.a(sysutil.o)
 .eh_frame      0x0000000000000000      0x120 /lib/ps4-payload-sdk//libPS4/libPS4.a(sysutil.o)
 .data          0x0000000000000000        0x0 /lib/ps4-payload-sdk//libPS4/libPS4.a(syscall.o)
 .bss           0x0000000000000000        0x0 /lib/ps4-payload-sdk//libPS4/libPS4.a(syscall.o)
 .note.gnu.property
                0x0000000000000000       0x30 /lib/ps4-payload-sdk//libPS4/libPS4.a(syscall.o)

Memory Configuration

Name             Origin             Length             Attributes
*default*        0x0000000000000000 0xffffffffffffffff

Linker script and memory map

LOAD /tmp/ccaOCLhl.o
LOAD build/crypto.o
LOAD build/kern.o
LOAD build/main.o

.text           0x0000000000000000     0x1885
 *(.text.start)
 *(.text*)
 .text          0x0000000000000000        0x5 /tmp/ccaOCLhl.o
                0x0000000000000000                _start
 .text.decryptSealedKey
                0x0000000000000005       0xa2 build/crypto.o
                0x0000000000000005                decryptSealedKey
 .text.decryptSealedKeyAtPath
                0x00000000000000a7       0x83 build/crypto.o
                0x00000000000000a7                decryptSealedKeyAtPath
 .text.kpayload
                0x000000000000012a       0x46 build/kern.o
                0x000000000000012a                kpayload
 .text.binary_to_hex_string
                0x0000000000000170       0x61 build/main.o
                0x0000000000000170                binary_to_hex_string
 .text.other_hex_to_string
                0x00000000000001d1       0x60 build/main.o
                0x00000000000001d1                other_hex_to_string
 .text.SetupNetwork
                0x0000000000000231       0xd3 build/main.o
                0x0000000000000231                SetupNetwork
 .text._main    0x0000000000000304      0x6dd build/main.o
                0x0000000000000304                _main
 .text          0x00000000000009e1      0x108 /lib/ps4-payload-sdk//libPS4/libPS4.a(file.o)
                0x00000000000009e1                read
                0x00000000000009ed                write
                0x00000000000009f9                open
                0x0000000000000a05                close
                0x0000000000000a11                unlink
                0x0000000000000a1d                link
                0x0000000000000a29                readlink
                0x0000000000000a35                symlink
                0x0000000000000a41                mount
                0x0000000000000a4d                nmount
                0x0000000000000a59                unmount
                0x0000000000000a65                fchown
                0x0000000000000a71                fchmod
                0x0000000000000a7d                rename
                0x0000000000000a89                mkdir
                0x0000000000000a95                rmdir
                0x0000000000000aa1                stat
                0x0000000000000aad                fstat
                0x0000000000000ab9                lstat
                0x0000000000000ac5                getdents
                0x0000000000000ad1                lseek
                0x0000000000000add                fstatat
 .text          0x0000000000000ae9       0x30 /lib/ps4-payload-sdk//libPS4/libPS4.a(kernel.o)
                0x0000000000000ae9                kill
                0x0000000000000af5                ioctl
                0x0000000000000b01                kexec
                0x0000000000000b0d                is_in_sandbox
 .text.initKernel
                0x0000000000000b19      0x3dc /lib/ps4-payload-sdk//libPS4/libPS4.a(kernel.o)
                0x0000000000000b19                initKernel
 .text.initLibc
                0x0000000000000ef5      0x649 /lib/ps4-payload-sdk//libPS4/libPS4.a(libc.o)
                0x0000000000000ef5                initLibc
 .text          0x000000000000153e       0x18 /lib/ps4-payload-sdk//libPS4/libPS4.a(module.o)
                0x000000000000153e                getFunctionAddressByName
                0x000000000000154a                getLoadedModules
 .text.loadModule
                0x0000000000001556       0x1a /lib/ps4-payload-sdk//libPS4/libPS4.a(module.o)
                0x0000000000001556                loadModule
 .text.initNetwork
                0x0000000000001570      0x254 /lib/ps4-payload-sdk//libPS4/libPS4.a(network.o)
                0x0000000000001570                initNetwork
 .text.SckSend  0x00000000000017c4       0x11 /lib/ps4-payload-sdk//libPS4/libPS4.a(network.o)
                0x00000000000017c4                SckSend
 .text.initSysUtil
                0x00000000000017d5       0x82 /lib/ps4-payload-sdk//libPS4/libPS4.a(sysutil.o)
                0x00000000000017d5                initSysUtil
 .text          0x0000000000001857       0x2e /lib/ps4-payload-sdk//libPS4/libPS4.a(syscall.o)
                0x0000000000001857                syscall
                0x000000000000185a                syscall_macro

.plt            0x0000000000001890        0x0
 .plt           0x0000000000001890        0x0 /tmp/ccaOCLhl.o

.plt.got        0x0000000000001888        0x0
 .plt.got       0x0000000000001888        0x0 /tmp/ccaOCLhl.o

.rodata         0x00000000000018a0      0x99e
 *(.rodata)
 *(.rodata*)
 .rodata.decryptSealedKey.str1.1
                0x00000000000018a0        0xd build/crypto.o
 .rodata.binary_to_hex_string.str1.1
                0x00000000000018ad        0x5 build/main.o
 .rodata.SetupNetwork.str1.1
                0x00000000000018b2       0x24 build/main.o
 .rodata._main.str1.1
                0x00000000000018d6      0x158 build/main.o
 *fill*         0x0000000000001a2e       0x12 
 .rodata.icon_uri.0
                0x0000000000001a40       0x26 build/main.o
 *fill*         0x0000000000001a66       0x1a 
 .rodata.icon_uri.1
                0x0000000000001a80       0x26 build/main.o
 .rodata.__FUNCTION__.2
                0x0000000000001aa6        0x6 build/main.o
 *fill*         0x0000000000001aac       0x14 
 .rodata.icon_uri.3
                0x0000000000001ac0       0x26 build/main.o
 .rodata.initKernel.str1.1
                0x0000000000001ae6      0x31f /lib/ps4-payload-sdk//libPS4/libPS4.a(kernel.o)
 .rodata.initLibc.str1.1
                0x0000000000001e05      0x22a /lib/ps4-payload-sdk//libPS4/libPS4.a(libc.o)
                                        0x248 (size before relaxing)
 .rodata.initNetwork.str1.1
                0x000000000000202f      0x173 /lib/ps4-payload-sdk//libPS4/libPS4.a(network.o)
 .rodata.initSysUtil.str1.1
                0x00000000000021a2       0x9c /lib/ps4-payload-sdk//libPS4/libPS4.a(sysutil.o)

.gnu.version_d  0x0000000000002240        0x0
 .gnu.version_d
                0x0000000000002240        0x0 /tmp/ccaOCLhl.o

.gnu.version    0x000000000000223e        0x0
 .gnu.version   0x000000000000223e        0x0 /tmp/ccaOCLhl.o

.gnu.version_r  0x0000000000002240        0x0
 .gnu.version_r
                0x0000000000002240        0x0 /tmp/ccaOCLhl.o

.dynsym         0x0000000000002240       0x18
 .dynsym        0x0000000000002240       0x18 /tmp/ccaOCLhl.o

.dynstr         0x0000000000002258        0x1
 .dynstr        0x0000000000002258        0x1 /tmp/ccaOCLhl.o

.gnu.hash       0x0000000000002260       0x1c
 .gnu.hash      0x0000000000002260       0x1c /tmp/ccaOCLhl.o

.sframe         0x000000000000227c        0x0
 .sframe        0x000000000000227c        0x0 /tmp/ccaOCLhl.o

.eh_frame_hdr   0x000000000000227c        0x0
 .eh_frame_hdr  0x000000000000227c        0x0 build/crypto.o

.note.gnu.property
                0x0000000000002280       0x30
 .note.gnu.property
                0x0000000000002280       0x30 /tmp/ccaOCLhl.o

.rela.dyn       0x00000000000022b0        0x0
 .rela.plt      0x00000000000022b0        0x0 /tmp/ccaOCLhl.o
 .rela.got      0x00000000000022b0        0x0 /tmp/ccaOCLhl.o
 .rela.bss      0x00000000000022b0        0x0 /tmp/ccaOCLhl.o
 .rela.data.rel.ro
                0x00000000000022b0        0x0 /tmp/ccaOCLhl.o
 .rela.ifunc    0x00000000000022b0        0x0 /tmp/ccaOCLhl.o

.data
 *(.data)

.dynamic        0x00000000000022b0       0xe0
 .dynamic       0x00000000000022b0       0xe0 /tmp/ccaOCLhl.o
                0x00000000000022b0                _DYNAMIC

.got            0x0000000000002390        0x0
 .got           0x0000000000002390        0x0 /tmp/ccaOCLhl.o

.got.plt        0x0000000000002390        0x0
 .got.plt       0x0000000000002390        0x0 /tmp/ccaOCLhl.o

.data.rel.ro    0x0000000000002390        0x0
 .data.rel.ro   0x0000000000002390        0x0 /tmp/ccaOCLhl.o

.data.DEBUG_SOCK
                0x0000000000002390        0x4
 .data.DEBUG_SOCK
                0x0000000000002390        0x4 /lib/ps4-payload-sdk//libPS4/libPS4.a(debug.o)
                0x0000000000002390                DEBUG_SOCK

.bss
 *(.bss)

.dynbss         0x0000000000002394        0x0
 .dynbss        0x0000000000002394        0x0 /tmp/ccaOCLhl.o

.bss.sock       0x0000000000002394        0x4
 .bss.sock      0x0000000000002394        0x4 build/main.o
                0x0000000000002394                sock

.bss.sceKernelGetOpenPsIdForSystem
                0x0000000000002398        0x8
 .bss.sceKernelGetOpenPsIdForSystem
                0x0000000000002398        0x8 /lib/ps4-payload-sdk//libPS4/libPS4.a(kernel.o)
                0x0000000000002398                sceKernelGetOpenPsIdForSystem

.bss.sceKernelGetOpenPsId
                0x00000000000023a0        0x8
 .bss.sceKernelGetOpenPsId
                0x00000000000023a0        0x8 /lib/ps4-payload-sdk//libPS4/libPS4.a(kernel.o)
                0x00000000000023a0                sceKernelGetOpenPsId

.bss.sceKernelGetIdPs
                0x00000000000023a8        0x8
 .bss.sceKernelGetIdPs
                0x00000000000023a8        0x8 /lib/ps4-payload-sdk//libPS4/libPS4.a(kernel.o)
                0x00000000000023a8                sceKernelGetIdPs

.bss.sceKernelGetCpuTemperature
                0x00000000000023b0        0x8
 .bss.sceKernelGetCpuTemperature
                0x00000000000023b0        0x8 /lib/ps4-payload-sdk//libPS4/libPS4.a(kernel.o)
                0x00000000000023b0                sceKernelGetCpuTemperature

.bss.sceKernelGetSystemSwVersion
                0x00000000000023b8        0x8
 .bss.sceKernelGetSystemSwVersion
                0x00000000000023b8        0x8 /lib/ps4-payload-sdk//libPS4/libPS4.a(kernel.o)
                0x00000000000023b8                sceKernelGetSystemSwVersion

.bss.sceKernelGetFsSandboxRandomWord
                0x00000000000023c0        0x8
 .bss.sceKernelGetFsSandboxRandomWord
                0x00000000000023c0        0x8 /lib/ps4-payload-sdk//libPS4/libPS4.a(kernel.o)
                0x00000000000023c0                sceKernelGetFsSandboxRandomWord

.bss.sceKernelSendNotificationRequest
                0x00000000000023c8        0x8
 .bss.sceKernelSendNotificationRequest
                0x00000000000023c8        0x8 /lib/ps4-payload-sdk//libPS4/libPS4.a(kernel.o)
                0x00000000000023c8                sceKernelSendNotificationRequest

.bss.setregid   0x00000000000023d0        0x8
 .bss.setregid  0x00000000000023d0        0x8 /lib/ps4-payload-sdk//libPS4/libPS4.a(kernel.o)
                0x00000000000023d0                setregid

.bss.setreuid   0x00000000000023d8        0x8
 .bss.setreuid  0x00000000000023d8        0x8 /lib/ps4-payload-sdk//libPS4/libPS4.a(kernel.o)
                0x00000000000023d8                setreuid

.bss.setgid     0x00000000000023e0        0x8
 .bss.setgid    0x00000000000023e0        0x8 /lib/ps4-payload-sdk//libPS4/libPS4.a(kernel.o)
                0x00000000000023e0                setgid

.bss.setuid     0x00000000000023e8        0x8
 .bss.setuid    0x00000000000023e8        0x8 /lib/ps4-payload-sdk//libPS4/libPS4.a(kernel.o)
                0x00000000000023e8                setuid

.bss.getpid     0x00000000000023f0        0x8
 .bss.getpid    0x00000000000023f0        0x8 /lib/ps4-payload-sdk//libPS4/libPS4.a(kernel.o)
                0x00000000000023f0                getpid

.bss.getgid     0x00000000000023f8        0x8
 .bss.getgid    0x00000000000023f8        0x8 /lib/ps4-payload-sdk//libPS4/libPS4.a(kernel.o)
                0x00000000000023f8                getgid

.bss.getuid     0x0000000000002400        0x8
 .bss.getuid    0x0000000000002400        0x8 /lib/ps4-payload-sdk//libPS4/libPS4.a(kernel.o)
                0x0000000000002400                getuid

.bss.sceKernelAddReadEvent
                0x0000000000002408        0x8
 .bss.sceKernelAddReadEvent
                0x0000000000002408        0x8 /lib/ps4-payload-sdk//libPS4/libPS4.a(kernel.o)
                0x0000000000002408                sceKernelAddReadEvent

.bss.sceKernelAddUserEvent
                0x0000000000002410        0x8
 .bss.sceKernelAddUserEvent
                0x0000000000002410        0x8 /lib/ps4-payload-sdk//libPS4/libPS4.a(kernel.o)
                0x0000000000002410                sceKernelAddUserEvent

.bss.sceKernelDeleteEqueue
                0x0000000000002418        0x8
 .bss.sceKernelDeleteEqueue
                0x0000000000002418        0x8 /lib/ps4-payload-sdk//libPS4/libPS4.a(kernel.o)
                0x0000000000002418                sceKernelDeleteEqueue

.bss.sceKernelCreateEqueue
                0x0000000000002420        0x8
 .bss.sceKernelCreateEqueue
                0x0000000000002420        0x8 /lib/ps4-payload-sdk//libPS4/libPS4.a(kernel.o)
                0x0000000000002420                sceKernelCreateEqueue

.bss.pthread_setaffinity_np
                0x0000000000002428        0x8
 .bss.pthread_setaffinity_np
                0x0000000000002428        0x8 /lib/ps4-payload-sdk//libPS4/libPS4.a(kernel.o)
                0x0000000000002428                pthread_setaffinity_np

.bss.pthread_self
                0x0000000000002430        0x8
 .bss.pthread_self
                0x0000000000002430        0x8 /lib/ps4-payload-sdk//libPS4/libPS4.a(kernel.o)
                0x0000000000002430                pthread_self

.bss.execve     0x0000000000002438        0x8
 .bss.execve    0x0000000000002438        0x8 /lib/ps4-payload-sdk//libPS4/libPS4.a(kernel.o)
                0x0000000000002438                execve

.bss.sysarch    0x0000000000002440        0x8
 .bss.sysarch   0x0000000000002440        0x8 /lib/ps4-payload-sdk//libPS4/libPS4.a(kernel.o)
                0x0000000000002440                sysarch

.bss.sysctlbyname
                0x0000000000002448        0x8
 .bss.sysctlbyname
                0x0000000000002448        0x8 /lib/ps4-payload-sdk//libPS4/libPS4.a(kernel.o)
                0x0000000000002448                sysctlbyname

.bss.sysctl     0x0000000000002450        0x8
 .bss.sysctl    0x0000000000002450        0x8 /lib/ps4-payload-sdk//libPS4/libPS4.a(kernel.o)
                0x0000000000002450                sysctl

.bss.sceKernelGetCurrentCpu
                0x0000000000002458        0x8
 .bss.sceKernelGetCurrentCpu
                0x0000000000002458        0x8 /lib/ps4-payload-sdk//libPS4/libPS4.a(kernel.o)
                0x0000000000002458                sceKernelGetCurrentCpu

.bss.sceKernelGetProcessTime
                0x0000000000002460        0x8
 .bss.sceKernelGetProcessTime
                0x0000000000002460        0x8 /lib/ps4-payload-sdk//libPS4/libPS4.a(kernel.o)
                0x0000000000002460                sceKernelGetProcessTime

.bss.sceKernelGettimeofday
                0x0000000000002468        0x8
 .bss.sceKernelGettimeofday
                0x0000000000002468        0x8 /lib/ps4-payload-sdk//libPS4/libPS4.a(kernel.o)
                0x0000000000002468                sceKernelGettimeofday

.bss.usleep     0x0000000000002470        0x8
 .bss.usleep    0x0000000000002470        0x8 /lib/ps4-payload-sdk//libPS4/libPS4.a(kernel.o)
                0x0000000000002470                usleep

.bss.sceKernelUsleep
                0x0000000000002478        0x8
 .bss.sceKernelUsleep
                0x0000000000002478        0x8 /lib/ps4-payload-sdk//libPS4/libPS4.a(kernel.o)
                0x0000000000002478                sceKernelUsleep

.bss.sceKernelSleep
                0x0000000000002480        0x8
 .bss.sceKernelSleep
                0x0000000000002480        0x8 /lib/ps4-payload-sdk//libPS4/libPS4.a(kernel.o)
                0x0000000000002480                sceKernelSleep

.bss.sceKernelClose
                0x0000000000002488        0x8
 .bss.sceKernelClose
                0x0000000000002488        0x8 /lib/ps4-payload-sdk//libPS4/libPS4.a(kernel.o)
                0x0000000000002488                sceKernelClose

.bss.sceKernelLseek
                0x0000000000002490        0x8
 .bss.sceKernelLseek
                0x0000000000002490        0x8 /lib/ps4-payload-sdk//libPS4/libPS4.a(kernel.o)
                0x0000000000002490                sceKernelLseek

.bss.sceKernelRead
                0x0000000000002498        0x8
 .bss.sceKernelRead
                0x0000000000002498        0x8 /lib/ps4-payload-sdk//libPS4/libPS4.a(kernel.o)
                0x0000000000002498                sceKernelRead

.bss.sceKernelOpen
                0x00000000000024a0        0x8
 .bss.sceKernelOpen
                0x00000000000024a0        0x8 /lib/ps4-payload-sdk//libPS4/libPS4.a(kernel.o)
                0x00000000000024a0                sceKernelOpen

.bss.sceKernelStat
                0x00000000000024a8        0x8
 .bss.sceKernelStat
                0x00000000000024a8        0x8 /lib/ps4-payload-sdk//libPS4/libPS4.a(kernel.o)
                0x00000000000024a8                sceKernelStat

.bss.sceKernelGetDirectMemorySize
                0x00000000000024b0        0x8
 .bss.sceKernelGetDirectMemorySize
                0x00000000000024b0        0x8 /lib/ps4-payload-sdk//libPS4/libPS4.a(kernel.o)
                0x00000000000024b0                sceKernelGetDirectMemorySize

.bss.sceKernelMapDirectMemory
                0x00000000000024b8        0x8
 .bss.sceKernelMapDirectMemory
                0x00000000000024b8        0x8 /lib/ps4-payload-sdk//libPS4/libPS4.a(kernel.o)
                0x00000000000024b8                sceKernelMapDirectMemory

.bss.sceKernelAllocateDirectMemory
                0x00000000000024c0        0x8
 .bss.sceKernelAllocateDirectMemory
                0x00000000000024c0        0x8 /lib/ps4-payload-sdk//libPS4/libPS4.a(kernel.o)
                0x00000000000024c0                sceKernelAllocateDirectMemory

.bss.sceKernelLoadStartModule
                0x00000000000024c8        0x8
 .bss.sceKernelLoadStartModule
                0x00000000000024c8        0x8 /lib/ps4-payload-sdk//libPS4/libPS4.a(kernel.o)
                0x00000000000024c8                sceKernelLoadStartModule

.bss.sceKernelError
                0x00000000000024d0        0x8
 .bss.sceKernelError
                0x00000000000024d0        0x8 /lib/ps4-payload-sdk//libPS4/libPS4.a(kernel.o)
                0x00000000000024d0                sceKernelError

.bss.__error    0x00000000000024d8        0x8
 .bss.__error   0x00000000000024d8        0x8 /lib/ps4-payload-sdk//libPS4/libPS4.a(kernel.o)
                0x00000000000024d8                __error

.bss.__stack_chk_fail
                0x00000000000024e0        0x8
 .bss.__stack_chk_fail
                0x00000000000024e0        0x8 /lib/ps4-payload-sdk//libPS4/libPS4.a(kernel.o)
                0x00000000000024e0                __stack_chk_fail

.bss.__stack_chk_guard
                0x00000000000024e8        0x8
 .bss.__stack_chk_guard
                0x00000000000024e8        0x8 /lib/ps4-payload-sdk//libPS4/libPS4.a(kernel.o)
                0x00000000000024e8                __stack_chk_guard

.bss.libKernelHandle
                0x00000000000024f0        0x4
 .bss.libKernelHandle
                0x00000000000024f0        0x4 /lib/ps4-payload-sdk//libPS4/libPS4.a(kernel.o)
                0x00000000000024f0                libKernelHandle

.bss.fgets      0x00000000000024f8        0x8
 .bss.fgets     0x00000000000024f8        0x8 /lib/ps4-payload-sdk//libPS4/libPS4.a(libc.o)
                0x00000000000024f8                fgets

.bss.fprintf    0x0000000000002500        0x8
 .bss.fprintf   0x0000000000002500        0x8 /lib/ps4-payload-sdk//libPS4/libPS4.a(libc.o)
                0x0000000000002500                fprintf

.bss.fclose     0x0000000000002508        0x8
 .bss.fclose    0x0000000000002508        0x8 /lib/ps4-payload-sdk//libPS4/libPS4.a(libc.o)
                0x0000000000002508                fclose

.bss.ftell      0x0000000000002510        0x8
 .bss.ftell     0x0000000000002510        0x8 /lib/ps4-payload-sdk//libPS4/libPS4.a(libc.o)
                0x0000000000002510                ftell

.bss.fseek      0x0000000000002518        0x8
 .bss.fseek     0x0000000000002518        0x8 /lib/ps4-payload-sdk//libPS4/libPS4.a(libc.o)
                0x0000000000002518                fseek

.bss.fwrite     0x0000000000002520        0x8
 .bss.fwrite    0x0000000000002520        0x8 /lib/ps4-payload-sdk//libPS4/libPS4.a(libc.o)
                0x0000000000002520                fwrite

.bss.fread      0x0000000000002528        0x8
 .bss.fread     0x0000000000002528        0x8 /lib/ps4-payload-sdk//libPS4/libPS4.a(libc.o)
                0x0000000000002528                fread

.bss.fopen      0x0000000000002530        0x8
 .bss.fopen     0x0000000000002530        0x8 /lib/ps4-payload-sdk//libPS4/libPS4.a(libc.o)
                0x0000000000002530                fopen

.bss.getprogname
                0x0000000000002538        0x8
 .bss.getprogname
                0x0000000000002538        0x8 /lib/ps4-payload-sdk//libPS4/libPS4.a(libc.o)
                0x0000000000002538                getprogname

.bss.dirfd      0x0000000000002540        0x8
 .bss.dirfd     0x0000000000002540        0x8 /lib/ps4-payload-sdk//libPS4/libPS4.a(libc.o)
                0x0000000000002540                dirfd

.bss.closedir   0x0000000000002548        0x8
 .bss.closedir  0x0000000000002548        0x8 /lib/ps4-payload-sdk//libPS4/libPS4.a(libc.o)
                0x0000000000002548                closedir

.bss.rewinddir  0x0000000000002550        0x8
 .bss.rewinddir
                0x0000000000002550        0x8 /lib/ps4-payload-sdk//libPS4/libPS4.a(libc.o)
                0x0000000000002550                rewinddir

.bss.seekdir    0x0000000000002558        0x8
 .bss.seekdir   0x0000000000002558        0x8 /lib/ps4-payload-sdk//libPS4/libPS4.a(libc.o)
                0x0000000000002558                seekdir

.bss.telldir    0x0000000000002560        0x8
 .bss.telldir   0x0000000000002560        0x8 /lib/ps4-payload-sdk//libPS4/libPS4.a(libc.o)
                0x0000000000002560                telldir

.bss.readdir_r  0x0000000000002568        0x8
 .bss.readdir_r
                0x0000000000002568        0x8 /lib/ps4-payload-sdk//libPS4/libPS4.a(libc.o)
                0x0000000000002568                readdir_r

.bss.readdir    0x0000000000002570        0x8
 .bss.readdir   0x0000000000002570        0x8 /lib/ps4-payload-sdk//libPS4/libPS4.a(libc.o)
                0x0000000000002570                readdir

.bss.opendir    0x0000000000002578        0x8
 .bss.opendir   0x0000000000002578        0x8 /lib/ps4-payload-sdk//libPS4/libPS4.a(libc.o)
                0x0000000000002578                opendir

.bss.mktime     0x0000000000002580        0x8
 .bss.mktime    0x0000000000002580        0x8 /lib/ps4-payload-sdk//libPS4/libPS4.a(libc.o)
                0x0000000000002580                mktime

.bss.localtime_r
                0x0000000000002588        0x8
 .bss.localtime_r
                0x0000000000002588        0x8 /lib/ps4-payload-sdk//libPS4/libPS4.a(libc.o)
                0x0000000000002588                localtime_r

.bss.localtime  0x0000000000002590        0x8
 .bss.localtime
                0x0000000000002590        0x8 /lib/ps4-payload-sdk//libPS4/libPS4.a(libc.o)
                0x0000000000002590                localtime

.bss.gmtime_s   0x0000000000002598        0x8
 .bss.gmtime_s  0x0000000000002598        0x8 /lib/ps4-payload-sdk//libPS4/libPS4.a(libc.o)
                0x0000000000002598                gmtime_s

.bss.gmtime     0x00000000000025a0        0x8
 .bss.gmtime    0x00000000000025a0        0x8 /lib/ps4-payload-sdk//libPS4/libPS4.a(libc.o)
                0x00000000000025a0                gmtime

.bss.time       0x00000000000025a8        0x8
 .bss.time      0x00000000000025a8        0x8 /lib/ps4-payload-sdk//libPS4/libPS4.a(libc.o)
                0x00000000000025a8                time

.bss.ctime_r    0x00000000000025b0        0x8
 .bss.ctime_r   0x00000000000025b0        0x8 /lib/ps4-payload-sdk//libPS4/libPS4.a(libc.o)
                0x00000000000025b0                ctime_r

.bss.ctime      0x00000000000025b8        0x8
 .bss.ctime     0x00000000000025b8        0x8 /lib/ps4-payload-sdk//libPS4/libPS4.a(libc.o)
                0x00000000000025b8                ctime

.bss.asctime_r  0x00000000000025c0        0x8
 .bss.asctime_r
                0x00000000000025c0        0x8 /lib/ps4-payload-sdk//libPS4/libPS4.a(libc.o)
                0x00000000000025c0                asctime_r

.bss.asctime    0x00000000000025c8        0x8
 .bss.asctime   0x00000000000025c8        0x8 /lib/ps4-payload-sdk//libPS4/libPS4.a(libc.o)
                0x00000000000025c8                asctime

.bss.rand       0x00000000000025d0        0x8
 .bss.rand      0x00000000000025d0        0x8 /lib/ps4-payload-sdk//libPS4/libPS4.a(libc.o)
                0x00000000000025d0                rand

.bss.srand      0x00000000000025d8        0x8
 .bss.srand     0x00000000000025d8        0x8 /lib/ps4-payload-sdk//libPS4/libPS4.a(libc.o)
                0x00000000000025d8                srand

.bss.toupper    0x00000000000025e0        0x8
 .bss.toupper   0x00000000000025e0        0x8 /lib/ps4-payload-sdk//libPS4/libPS4.a(libc.o)
                0x00000000000025e0                toupper

.bss.tolower    0x00000000000025e8        0x8
 .bss.tolower   0x00000000000025e8        0x8 /lib/ps4-payload-sdk//libPS4/libPS4.a(libc.o)
                0x00000000000025e8                tolower

.bss.ceil       0x00000000000025f0        0x8
 .bss.ceil      0x00000000000025f0        0x8 /lib/ps4-payload-sdk//libPS4/libPS4.a(libc.o)
                0x00000000000025f0                ceil

.bss.bcopy      0x00000000000025f8        0x8
 .bss.bcopy     0x00000000000025f8        0x8 /lib/ps4-payload-sdk//libPS4/libPS4.a(libc.o)
                0x00000000000025f8                bcopy

.bss._Stoul     0x0000000000002600        0x8
 .bss._Stoul    0x0000000000002600        0x8 /lib/ps4-payload-sdk//libPS4/libPS4.a(libc.o)
                0x0000000000002600                _Stoul

.bss._Getpctype
                0x0000000000002608        0x8
 .bss._Getpctype
                0x0000000000002608        0x8 /lib/ps4-payload-sdk//libPS4/libPS4.a(libc.o)
                0x0000000000002608                _Getpctype

.bss.strerror   0x0000000000002610        0x8
 .bss.strerror  0x0000000000002610        0x8 /lib/ps4-payload-sdk//libPS4/libPS4.a(libc.o)
                0x0000000000002610                strerror

.bss.strlcpy    0x0000000000002618        0x8
 .bss.strlcpy   0x0000000000002618        0x8 /lib/ps4-payload-sdk//libPS4/libPS4.a(libc.o)
                0x0000000000002618                strlcpy

.bss.atof       0x0000000000002620        0x8
 .bss.atof      0x0000000000002620        0x8 /lib/ps4-payload-sdk//libPS4/libPS4.a(libc.o)
                0x0000000000002620                atof

.bss.atoi       0x0000000000002628        0x8
 .bss.atoi      0x0000000000002628        0x8 /lib/ps4-payload-sdk//libPS4/libPS4.a(libc.o)
                0x0000000000002628                atoi

.bss.isxdigit   0x0000000000002630        0x8
 .bss.isxdigit  0x0000000000002630        0x8 /lib/ps4-payload-sdk//libPS4/libPS4.a(libc.o)
                0x0000000000002630                isxdigit

.bss.isdigit    0x0000000000002638        0x8
 .bss.isdigit   0x0000000000002638        0x8 /lib/ps4-payload-sdk//libPS4/libPS4.a(libc.o)
                0x0000000000002638                isdigit

.bss.isspace    0x0000000000002640        0x8
 .bss.isspace   0x0000000000002640        0x8 /lib/ps4-payload-sdk//libPS4/libPS4.a(libc.o)
                0x0000000000002640                isspace

.bss.rindex     0x0000000000002648        0x8
 .bss.rindex    0x0000000000002648        0x8 /lib/ps4-payload-sdk//libPS4/libPS4.a(libc.o)
                0x0000000000002648                rindex

.bss.index      0x0000000000002650        0x8
 .bss.index     0x0000000000002650        0x8 /lib/ps4-payload-sdk//libPS4/libPS4.a(libc.o)
                0x0000000000002650                index

.bss.strdup     0x0000000000002658        0x8
 .bss.strdup    0x0000000000002658        0x8 /lib/ps4-payload-sdk//libPS4/libPS4.a(libc.o)
                0x0000000000002658                strdup

.bss.strstr     0x0000000000002660        0x8
 .bss.strstr    0x0000000000002660        0x8 /lib/ps4-payload-sdk//libPS4/libPS4.a(libc.o)
                0x0000000000002660                strstr

.bss.strrchr    0x0000000000002668        0x8
 .bss.strrchr   0x0000000000002668        0x8 /lib/ps4-payload-sdk//libPS4/libPS4.a(libc.o)
                0x0000000000002668                strrchr

.bss.strchr     0x0000000000002670        0x8
 .bss.strchr    0x0000000000002670        0x8 /lib/ps4-payload-sdk//libPS4/libPS4.a(libc.o)
                0x0000000000002670                strchr

.bss.strtok     0x0000000000002678        0x8
 .bss.strtok    0x0000000000002678        0x8 /lib/ps4-payload-sdk//libPS4/libPS4.a(libc.o)
                0x0000000000002678                strtok

.bss.strtol     0x0000000000002680        0x8
 .bss.strtol    0x0000000000002680        0x8 /lib/ps4-payload-sdk//libPS4/libPS4.a(libc.o)
                0x0000000000002680                strtol

.bss.sscanf     0x0000000000002688        0x8
 .bss.sscanf    0x0000000000002688        0x8 /lib/ps4-payload-sdk//libPS4/libPS4.a(libc.o)
                0x0000000000002688                sscanf

.bss.snprintf_s
                0x0000000000002690        0x8
 .bss.snprintf_s
                0x0000000000002690        0x8 /lib/ps4-payload-sdk//libPS4/libPS4.a(libc.o)
                0x0000000000002690                snprintf_s

.bss.snprintf   0x0000000000002698        0x8
 .bss.snprintf  0x0000000000002698        0x8 /lib/ps4-payload-sdk//libPS4/libPS4.a(libc.o)
                0x0000000000002698                snprintf

.bss.sprintf    0x00000000000026a0        0x8
 .bss.sprintf   0x00000000000026a0        0x8 /lib/ps4-payload-sdk//libPS4/libPS4.a(libc.o)
                0x00000000000026a0                sprintf

.bss.strncmp    0x00000000000026a8        0x8
 .bss.strncmp   0x00000000000026a8        0x8 /lib/ps4-payload-sdk//libPS4/libPS4.a(libc.o)
                0x00000000000026a8                strncmp

.bss.strcasecmp
                0x00000000000026b0        0x8
 .bss.strcasecmp
                0x00000000000026b0        0x8 /lib/ps4-payload-sdk//libPS4/libPS4.a(libc.o)
                0x00000000000026b0                strcasecmp

.bss.strcmp     0x00000000000026b8        0x8
 .bss.strcmp    0x00000000000026b8        0x8 /lib/ps4-payload-sdk//libPS4/libPS4.a(libc.o)
                0x00000000000026b8                strcmp

.bss.strlen     0x00000000000026c0        0x8
 .bss.strlen    0x00000000000026c0        0x8 /lib/ps4-payload-sdk//libPS4/libPS4.a(libc.o)
                0x00000000000026c0                strlen

.bss.strncat    0x00000000000026c8        0x8
 .bss.strncat   0x00000000000026c8        0x8 /lib/ps4-payload-sdk//libPS4/libPS4.a(libc.o)
                0x00000000000026c8                strncat

.bss.strcat     0x00000000000026d0        0x8
 .bss.strcat    0x00000000000026d0        0x8 /lib/ps4-payload-sdk//libPS4/libPS4.a(libc.o)
                0x00000000000026d0                strcat

.bss.strncpy_s  0x00000000000026d8        0x8
 .bss.strncpy_s
                0x00000000000026d8        0x8 /lib/ps4-payload-sdk//libPS4/libPS4.a(libc.o)
                0x00000000000026d8                strncpy_s

.bss.strncpy    0x00000000000026e0        0x8
 .bss.strncpy   0x00000000000026e0        0x8 /lib/ps4-payload-sdk//libPS4/libPS4.a(libc.o)
                0x00000000000026e0                strncpy

.bss.strcpy     0x00000000000026e8        0x8
 .bss.strcpy    0x00000000000026e8        0x8 /lib/ps4-payload-sdk//libPS4/libPS4.a(libc.o)
                0x00000000000026e8                strcpy

.bss.memmove_s  0x00000000000026f0        0x8
 .bss.memmove_s
                0x00000000000026f0        0x8 /lib/ps4-payload-sdk//libPS4/libPS4.a(libc.o)
                0x00000000000026f0                memmove_s

.bss.memmove    0x00000000000026f8        0x8
 .bss.memmove   0x00000000000026f8        0x8 /lib/ps4-payload-sdk//libPS4/libPS4.a(libc.o)
                0x00000000000026f8                memmove

.bss.memcmp     0x0000000000002700        0x8
 .bss.memcmp    0x0000000000002700        0x8 /lib/ps4-payload-sdk//libPS4/libPS4.a(libc.o)
                0x0000000000002700                memcmp

.bss.memcpy     0x0000000000002708        0x8
 .bss.memcpy    0x0000000000002708        0x8 /lib/ps4-payload-sdk//libPS4/libPS4.a(libc.o)
                0x0000000000002708                memcpy

.bss.memset     0x0000000000002710        0x8
 .bss.memset    0x0000000000002710        0x8 /lib/ps4-payload-sdk//libPS4/libPS4.a(libc.o)
                0x0000000000002710                memset

.bss.memalign   0x0000000000002718        0x8
 .bss.memalign  0x0000000000002718        0x8 /lib/ps4-payload-sdk//libPS4/libPS4.a(libc.o)
                0x0000000000002718                memalign

.bss.realloc    0x0000000000002720        0x8
 .bss.realloc   0x0000000000002720        0x8 /lib/ps4-payload-sdk//libPS4/libPS4.a(libc.o)
                0x0000000000002720                realloc

.bss.calloc     0x0000000000002728        0x8
 .bss.calloc    0x0000000000002728        0x8 /lib/ps4-payload-sdk//libPS4/libPS4.a(libc.o)
                0x0000000000002728                calloc

.bss.free       0x0000000000002730        0x8
 .bss.free      0x0000000000002730        0x8 /lib/ps4-payload-sdk//libPS4/libPS4.a(libc.o)
                0x0000000000002730                free

.bss.malloc     0x0000000000002738        0x8
 .bss.malloc    0x0000000000002738        0x8 /lib/ps4-payload-sdk//libPS4/libPS4.a(libc.o)
                0x0000000000002738                malloc

.bss.libc       0x0000000000002740        0x4
 .bss.libc      0x0000000000002740        0x4 /lib/ps4-payload-sdk//libPS4/libPS4.a(libc.o)
                0x0000000000002740                libc

.bss.sceNetCtlGetInfo
                0x0000000000002748        0x8
 .bss.sceNetCtlGetInfo
                0x0000000000002748        0x8 /lib/ps4-payload-sdk//libPS4/libPS4.a(network.o)
                0x0000000000002748                sceNetCtlGetInfo

.bss.sceNetCtlTerm
                0x0000000000002750        0x8
 .bss.sceNetCtlTerm
                0x0000000000002750        0x8 /lib/ps4-payload-sdk//libPS4/libPS4.a(network.o)
                0x0000000000002750                sceNetCtlTerm

.bss.sceNetCtlInit
                0x0000000000002758        0x8
 .bss.sceNetCtlInit
                0x0000000000002758        0x8 /lib/ps4-payload-sdk//libPS4/libPS4.a(network.o)
                0x0000000000002758                sceNetCtlInit

.bss.sceNetNtohs
                0x0000000000002760        0x8
 .bss.sceNetNtohs
                0x0000000000002760        0x8 /lib/ps4-payload-sdk//libPS4/libPS4.a(network.o)
                0x0000000000002760                sceNetNtohs

.bss.sceNetNtohl
                0x0000000000002768        0x8
 .bss.sceNetNtohl
                0x0000000000002768        0x8 /lib/ps4-payload-sdk//libPS4/libPS4.a(network.o)
                0x0000000000002768                sceNetNtohl

.bss.sceNetNtohll
                0x0000000000002770        0x8
 .bss.sceNetNtohll
                0x0000000000002770        0x8 /lib/ps4-payload-sdk//libPS4/libPS4.a(network.o)
                0x0000000000002770                sceNetNtohll

.bss.sceNetHtons
                0x0000000000002778        0x8
 .bss.sceNetHtons
                0x0000000000002778        0x8 /lib/ps4-payload-sdk//libPS4/libPS4.a(network.o)
                0x0000000000002778                sceNetHtons

.bss.sceNetHtonl
                0x0000000000002780        0x8
 .bss.sceNetHtonl
                0x0000000000002780        0x8 /lib/ps4-payload-sdk//libPS4/libPS4.a(network.o)
                0x0000000000002780                sceNetHtonl

.bss.sceNetHtonll
                0x0000000000002788        0x8
 .bss.sceNetHtonll
                0x0000000000002788        0x8 /lib/ps4-payload-sdk//libPS4/libPS4.a(network.o)
                0x0000000000002788                sceNetHtonll

.bss.sceNetInetPton
                0x0000000000002790        0x8
 .bss.sceNetInetPton
                0x0000000000002790        0x8 /lib/ps4-payload-sdk//libPS4/libPS4.a(network.o)
                0x0000000000002790                sceNetInetPton

.bss.sceNetInetNtop
                0x0000000000002798        0x8
 .bss.sceNetInetNtop
                0x0000000000002798        0x8 /lib/ps4-payload-sdk//libPS4/libPS4.a(network.o)
                0x0000000000002798                sceNetInetNtop

.bss.sceNetSetsockopt
                0x00000000000027a0        0x8
 .bss.sceNetSetsockopt
                0x00000000000027a0        0x8 /lib/ps4-payload-sdk//libPS4/libPS4.a(network.o)
                0x00000000000027a0                sceNetSetsockopt

.bss.sceNetGetsockopt
                0x00000000000027a8        0x8
 .bss.sceNetGetsockopt
                0x00000000000027a8        0x8 /lib/ps4-payload-sdk//libPS4/libPS4.a(network.o)
                0x00000000000027a8                sceNetGetsockopt

.bss.sceNetGetsockname
                0x00000000000027b0        0x8
 .bss.sceNetGetsockname
                0x00000000000027b0        0x8 /lib/ps4-payload-sdk//libPS4/libPS4.a(network.o)
                0x00000000000027b0                sceNetGetsockname

.bss.sceNetSocketAbort
                0x00000000000027b8        0x8
 .bss.sceNetSocketAbort
                0x00000000000027b8        0x8 /lib/ps4-payload-sdk//libPS4/libPS4.a(network.o)
                0x00000000000027b8                sceNetSocketAbort

.bss.sceNetRecv
                0x00000000000027c0        0x8
 .bss.sceNetRecv
                0x00000000000027c0        0x8 /lib/ps4-payload-sdk//libPS4/libPS4.a(network.o)
                0x00000000000027c0                sceNetRecv

.bss.sceNetAccept
                0x00000000000027c8        0x8
 .bss.sceNetAccept
                0x00000000000027c8        0x8 /lib/ps4-payload-sdk//libPS4/libPS4.a(network.o)
                0x00000000000027c8                sceNetAccept

.bss.sceNetListen
                0x00000000000027d0        0x8
 .bss.sceNetListen
                0x00000000000027d0        0x8 /lib/ps4-payload-sdk//libPS4/libPS4.a(network.o)
                0x00000000000027d0                sceNetListen

.bss.sceNetBind
                0x00000000000027d8        0x8
 .bss.sceNetBind
                0x00000000000027d8        0x8 /lib/ps4-payload-sdk//libPS4/libPS4.a(network.o)
                0x00000000000027d8                sceNetBind

.bss.sceNetSend
                0x00000000000027e0        0x8
 .bss.sceNetSend
                0x00000000000027e0        0x8 /lib/ps4-payload-sdk//libPS4/libPS4.a(network.o)
                0x00000000000027e0                sceNetSend

.bss.sceNetConnect
                0x00000000000027e8        0x8
 .bss.sceNetConnect
                0x00000000000027e8        0x8 /lib/ps4-payload-sdk//libPS4/libPS4.a(network.o)
                0x00000000000027e8                sceNetConnect

.bss.sceNetSocketClose
                0x00000000000027f0        0x8
 .bss.sceNetSocketClose
                0x00000000000027f0        0x8 /lib/ps4-payload-sdk//libPS4/libPS4.a(network.o)
                0x00000000000027f0                sceNetSocketClose

.bss.sceNetSocket
                0x00000000000027f8        0x8
 .bss.sceNetSocket
                0x00000000000027f8        0x8 /lib/ps4-payload-sdk//libPS4/libPS4.a(network.o)
                0x00000000000027f8                sceNetSocket

.bss.sceNetErrnoLoc
                0x0000000000002800        0x8
 .bss.sceNetErrnoLoc
                0x0000000000002800        0x8 /lib/ps4-payload-sdk//libPS4/libPS4.a(network.o)
                0x0000000000002800                sceNetErrnoLoc

.bss.libNetCtl  0x0000000000002808        0x4
 .bss.libNetCtl
                0x0000000000002808        0x4 /lib/ps4-payload-sdk//libPS4/libPS4.a(network.o)
                0x0000000000002808                libNetCtl

.bss.libNet     0x000000000000280c        0x4
 .bss.libNet    0x000000000000280c        0x4 /lib/ps4-payload-sdk//libPS4/libPS4.a(network.o)
                0x000000000000280c                libNet

.bss.sceSystemServiceLaunchWebBrowser
                0x0000000000002810        0x8
 .bss.sceSystemServiceLaunchWebBrowser
                0x0000000000002810        0x8 /lib/ps4-payload-sdk//libPS4/libPS4.a(sysutil.o)
                0x0000000000002810                sceSystemServiceLaunchWebBrowser

.bss.sceSysUtilSendSystemNotificationWithText
                0x0000000000002818        0x8
 .bss.sceSysUtilSendSystemNotificationWithText
                0x0000000000002818        0x8 /lib/ps4-payload-sdk//libPS4/libPS4.a(sysutil.o)
                0x0000000000002818                sceSysUtilSendSystemNotificationWithText

.bss.libSceSystemService
                0x0000000000002820        0x4
 .bss.libSceSystemService
                0x0000000000002820        0x4 /lib/ps4-payload-sdk//libPS4/libPS4.a(sysutil.o)
                0x0000000000002820                libSceSystemService

.bss.sysUtilHandle
                0x0000000000002824        0x4
 .bss.sysUtilHandle
                0x0000000000002824        0x4 /lib/ps4-payload-sdk//libPS4/libPS4.a(sysutil.o)
                0x0000000000002824                sysUtilHandle

/DISCARD/
 *(.comment)
 *(.note.GNU-stack)
 *(.eh_frame)
 *(.interp)
LOAD /lib/ps4-payload-sdk//libPS4/libPS4.a
OUTPUT(temp.t elf64-x86-64)
